DEBUG:root:Add: 10 5 + 15
2020-01-09 11:42:52,040:DEBUG:Add: 10 5 + 15
2020-01-09 11:42:52,040:DEBUG:Subtract: 10 5 + 5
2020-01-09 12:16:43,638:DEBUG:Hello World
2020-01-09 12:16:43,639:DEBUG:Add: 10 5 + 15
2020-01-09 12:16:43,639:DEBUG:Subtract: 10 5 + 5
